== E2E suite (controller write hard-gate) ==
== sandbox: /var/folders/vx/q11_mycd4vq2gp06rbsf49tw0000gn/T//autopilot-e2e-guard.Zq2vnY ==
== model:   Performance ==
== guard:   /Users/neil/Desktop/neilcodebase/neil-coding-autopilot/hooks/guard-controller-write.sh ==

[PASS] 01 controller Write .java (run active)
      expect=blocked   created=no  guard_denied_in_log=yes tries=1  (src/App.java)
[PASS] 02 controller Write .py (run active)
      expect=blocked   created=no  guard_denied_in_log=yes tries=1  (src/main.py)
[PASS] 03 controller Write .sh (run active)
      expect=blocked   created=no  guard_denied_in_log=yes tries=1  (scripts/build.sh)
[PASS] 04 controller Write .ts (run active)
      expect=blocked   created=no  guard_denied_in_log=yes tries=1  (app/index.ts)
[PASS] 05 controller Write nested .java (run)
      expect=blocked   created=no  guard_denied_in_log=yes tries=1  (a/b/c/Deep.java)
[PASS] 06 controller Edit existing .java (run)
      expect=unchanged created=yes guard_denied_in_log=yes tries=1  (src/Legacy.java)
[PASS] 07 worker Write .java (run active)
      expect=created   created=yes guard_denied_in_log=no  tries=1  (src/App.java)
[PASS] 08 worker Write .py (run active)
      expect=created   created=yes guard_denied_in_log=no  tries=1  (src/util.py)
[PASS] 09 worker Write nested .go (run active)
      expect=created   created=yes guard_denied_in_log=no  tries=1  (pkg/mod/deep.go)
[PASS] 10 controller Write .md (run active)
      expect=created   created=yes guard_denied_in_log=no  tries=1  (notes.md)
[PASS] 11 controller Write nested .md (run active)
      expect=created   created=yes guard_denied_in_log=no  tries=1  (docs/guide.md)
[PASS] 12 controller Write autopilot/ (run active)
      expect=created   created=yes guard_denied_in_log=no  tries=1  (autopilot/changes/x/spec.md)
[PASS] 13 controller Write AGENTS.md (run active)
      expect=created   created=yes guard_denied_in_log=no  tries=1  (AGENTS.md)
[PASS] 14 normal coding .java (no sentinel)
      expect=created   created=yes guard_denied_in_log=no  tries=1  (src/App.java)
[PASS] 15 normal coding .py (no sentinel)
      expect=created   created=yes guard_denied_in_log=no  tries=1  (config/app.py)
[PASS] 16 stale sentinel .java (>12h old)
      expect=created   created=yes guard_denied_in_log=no  tries=1  (src/App.java)

== E2E SUMMARY: 16 passed, 0 failed (of 16) ==
== sandbox kept for inspection: /var/folders/vx/q11_mycd4vq2gp06rbsf49tw0000gn/T//autopilot-e2e-guard.Zq2vnY ==
E2E: ALL PASS
